// Jest Snapshot v1, https://goo.gl/fbAQLP

exports[`<PhoneNumberInput /> should render 1`] = `
ShallowWrapper {
  "length": 1,
  Symbol(enzyme.__root__): [Circular],
  Symbol(enzyme.__unrendered__): <PhoneNumberInput
    onValidationChange={[Function]}
    placeholder="mobile"
  />,
  Symbol(enzyme.__renderer__): Object {
    "batchedUpdates": [Function],
    "getNode": [Function],
    "render": [Function],
    "simulateEvent": [Function],
    "unmount": [Function],
  },
  Symbol(enzyme.__node__): Object {
    "instance": null,
    "key": undefined,
    "nodeType": "function",
    "props": Object {
      "children": <input
        maxLength="11"
        onChange={[Function]}
        placeholder="mobile"
        type="tel"
        value=""
      />,
    },
    "ref": null,
    "rendered": Object {
      "instance": null,
      "key": undefined,
      "nodeType": "host",
      "props": Object {
        "maxLength": "11",
        "onChange": [Function],
        "placeholder": "mobile",
        "type": "tel",
        "value": "",
      },
      "ref": null,
      "rendered": null,
      "type": "input",
    },
    "type": Symbol(react.fragment),
  },
  Symbol(enzyme.__nodes__): Array [
    Object {
      "instance": null,
      "key": undefined,
      "nodeType": "function",
      "props": Object {
        "children": <input
          maxLength="11"
          onChange={[Function]}
          placeholder="mobile"
          type="tel"
          value=""
        />,
      },
      "ref": null,
      "rendered": Object {
        "instance": null,
        "key": undefined,
        "nodeType": "host",
        "props": Object {
          "maxLength": "11",
          "onChange": [Function],
          "placeholder": "mobile",
          "type": "tel",
          "value": "",
        },
        "ref": null,
        "rendered": null,
        "type": "input",
      },
      "type": Symbol(react.fragment),
    },
  ],
  Symbol(enzyme.__options__): Object {
    "adapter": ReactSixteenAdapter {
      "options": Object {
        "enableComponentDidUpdateOnSetState": true,
      },
    },
  },
}
`;
